public Drive unavailable (FileURLRetrievalError); trying PACS mirror
PACS ready: /content/data/PACS
Downloading: "https://download.pytorch.org/models/resnet18-f37072fd.pth" to /root/.cache/torch/hub/checkpoints/resnet18-f37072fd.pth

  0%|          | 0.00/44.7M [00:00<?, ?B/s]
 37%|███▋      | 16.5M/44.7M [00:00<00:00, 172MB/s]
 76%|███████▌  | 34.0M/44.7M [00:00<00:00, 179MB/s]
100%|██████████| 44.7M/44.7M [00:00<00:00, 189MB/s]

dan_dg: epoch 1:   0%|          | 0/203 [00:00<?, ?it/s]
dan_dg: epoch 1:  33%|███▎      | 66/203 [00:10<00:21,  6.51it/s]
dan_dg: epoch 1:  71%|███████▏  | 145/203 [00:20<00:07,  7.31it/s]
                                                                  
dan_dg: epoch 1, source macro-f1=0.0507

dan_dg: epoch 2:   0%|          | 0/203 [00:00<?, ?it/s]
dan_dg: epoch 2:  37%|███▋      | 76/203 [00:10<00:16,  7.59it/s]
dan_dg: epoch 2:  77%|███████▋  | 157/203 [00:20<00:05,  7.86it/s]
                                                                  
dan_dg: epoch 2, source macro-f1=0.0507

dan_dg: epoch 3:   0%|          | 0/203 [00:00<?, ?it/s]
dan_dg: epoch 3:  38%|███▊      | 77/203 [00:10<00:16,  7.64it/s]
dan_dg: epoch 3:  76%|███████▋  | 155/203 [00:20<00:06,  7.71it/s]
                                                                  
dan_dg: epoch 3, source macro-f1=0.0507

dan_dg: epoch 4:   0%|          | 0/203 [00:00<?, ?it/s]
dan_dg: epoch 4:  38%|███▊      | 78/203 [00:10<00:16,  7.73it/s]
dan_dg: epoch 4:  77%|███████▋  | 156/203 [00:20<00:06,  7.66it/s]
                                                                  
dan_dg: epoch 4, source macro-f1=0.0364

dan_dg: epoch 5:   0%|          | 0/203 [00:00<?, ?it/s]
dan_dg: epoch 5:  40%|████      | 82/203 [00:10<00:14,  8.16it/s]
dan_dg: epoch 5:  81%|████████  | 164/203 [00:20<00:04,  7.99it/s]
                                                                  
dan_dg: epoch 5, source macro-f1=0.0507

dan_dg: epoch 6:   0%|          | 0/203 [00:00<?, ?it/s]
dan_dg: epoch 6:  38%|███▊      | 78/203 [00:10<00:16,  7.73it/s]
dan_dg: epoch 6:  79%|███████▉  | 161/203 [00:20<00:05,  8.03it/s]
                                                                  
dan_dg: epoch 6, source macro-f1=0.0507

sam: epoch 1:   0%|          | 0/203 [00:00<?, ?it/s]
sam: epoch 1:  23%|██▎       | 47/203 [00:10<00:33,  4.69it/s]
sam: epoch 1:  47%|████▋     | 96/203 [00:20<00:22,  4.81it/s]
sam: epoch 1:  72%|███████▏  | 146/203 [00:30<00:11,  4.89it/s]
sam: epoch 1:  97%|█████████▋| 196/203 [00:40<00:01,  4.91it/s]
                                                               
sam: epoch 1, source macro-f1=0.8531

sam: epoch 2:   0%|          | 0/203 [00:00<?, ?it/s]
sam: epoch 2:  25%|██▍       | 50/203 [00:10<00:30,  4.95it/s]
sam: epoch 2:  49%|████▉     | 100/203 [00:20<00:20,  4.94it/s]
sam: epoch 2:  74%|███████▍  | 150/203 [00:30<00:10,  4.90it/s]
sam: epoch 2:  98%|█████████▊| 199/203 [00:40<00:00,  4.89it/s]
                                                               
sam: epoch 2, source macro-f1=0.9160

sam: epoch 3:   0%|          | 0/203 [00:00<?, ?it/s]
sam: epoch 3:  24%|██▍       | 49/203 [00:10<00:31,  4.85it/s]
sam: epoch 3:  48%|████▊     | 98/203 [00:20<00:21,  4.84it/s]
sam: epoch 3:  73%|███████▎  | 148/203 [00:30<00:11,  4.91it/s]
sam: epoch 3:  98%|█████████▊| 198/203 [00:40<00:01,  4.91it/s]
                                                               
sam: epoch 3, source macro-f1=0.9322

sam: epoch 4:   0%|          | 0/203 [00:00<?, ?it/s]
sam: epoch 4:  25%|██▍       | 50/203 [00:10<00:30,  4.97it/s]
sam: epoch 4:  49%|████▉     | 100/203 [00:20<00:20,  4.91it/s]
sam: epoch 4:  73%|███████▎  | 149/203 [00:30<00:11,  4.89it/s]
sam: epoch 4:  98%|█████████▊| 199/203 [00:40<00:00,  4.90it/s]
                                                               
sam: epoch 4, source macro-f1=0.9359

sam: epoch 5:   0%|          | 0/203 [00:00<?, ?it/s]
sam: epoch 5:  24%|██▍       | 49/203 [00:10<00:31,  4.88it/s]
sam: epoch 5:  49%|████▉     | 99/203 [00:20<00:21,  4.95it/s]
sam: epoch 5:  73%|███████▎  | 149/203 [00:30<00:10,  4.94it/s]
sam: epoch 5:  98%|█████████▊| 199/203 [00:40<00:00,  4.92it/s]
                                                               
sam: epoch 5, source macro-f1=0.9421

sam: epoch 6:   0%|          | 0/203 [00:00<?, ?it/s]
sam: epoch 6:  24%|██▍       | 49/203 [00:10<00:31,  4.88it/s]
sam: epoch 6:  48%|████▊     | 98/203 [00:20<00:21,  4.88it/s]
sam: epoch 6:  72%|███████▏  | 147/203 [00:30<00:11,  4.89it/s]
sam: epoch 6:  97%|█████████▋| 197/203 [00:40<00:01,  4.92it/s]
                                                               
sam: epoch 6, source macro-f1=0.9420

sam: epoch 7:   0%|          | 0/203 [00:00<?, ?it/s]
sam: epoch 7:  25%|██▍       | 50/203 [00:10<00:30,  4.94it/s]
sam: epoch 7:  50%|████▉     | 101/203 [00:20<00:20,  4.98it/s]
sam: epoch 7:  75%|███████▍  | 152/203 [00:30<00:10,  4.92it/s]
sam: epoch 7:  99%|█████████▉| 201/203 [00:40<00:00,  4.90it/s]
                                                               
sam: epoch 7, source macro-f1=0.9401

sam: epoch 8:   0%|          | 0/203 [00:00<?, ?it/s]
sam: epoch 8:  25%|██▍       | 50/203 [00:10<00:31,  4.90it/s]
sam: epoch 8:  49%|████▉     | 100/203 [00:20<00:21,  4.88it/s]
sam: epoch 8:  74%|███████▍  | 150/203 [00:30<00:10,  4.93it/s]
sam: epoch 8:  99%|█████████▊| 200/203 [00:40<00:00,  4.92it/s]
                                                               
sam: epoch 8, source macro-f1=0.9471

sam: epoch 9:   0%|          | 0/203 [00:00<?, ?it/s]
sam: epoch 9:  25%|██▍       | 50/203 [00:10<00:31,  4.92it/s]
sam: epoch 9:  49%|████▉     | 100/203 [00:20<00:21,  4.90it/s]
sam: epoch 9:  73%|███████▎  | 149/203 [00:30<00:11,  4.90it/s]
sam: epoch 9:  98%|█████████▊| 199/203 [00:40<00:00,  4.90it/s]
                                                               
sam: epoch 9, source macro-f1=0.9359

sam: epoch 10:   0%|          | 0/203 [00:00<?, ?it/s]
sam: epoch 10:  24%|██▍       | 49/203 [00:10<00:32,  4.81it/s]
sam: epoch 10:  49%|████▉     | 99/203 [00:20<00:21,  4.86it/s]
sam: epoch 10:  74%|███████▍  | 150/203 [00:30<00:10,  4.93it/s]
sam: epoch 10:  99%|█████████▉| 201/203 [00:41<00:00,  4.91it/s]
                                                                
sam: epoch 10, source macro-f1=0.9532

sam: epoch 11:   0%|          | 0/203 [00:00<?, ?it/s]
sam: epoch 11:  25%|██▍       | 50/203 [00:10<00:30,  4.94it/s]
sam: epoch 11:  49%|████▉     | 100/203 [00:20<00:21,  4.90it/s]
sam: epoch 11:  73%|███████▎  | 149/203 [00:30<00:11,  4.89it/s]
sam: epoch 11:  98%|█████████▊| 199/203 [00:40<00:00,  4.91it/s]
                                                                
sam: epoch 11, source macro-f1=0.9423

sam: epoch 12:   0%|          | 0/203 [00:00<?, ?it/s]
sam: epoch 12:  25%|██▍       | 50/203 [00:10<00:31,  4.91it/s]
sam: epoch 12:  50%|████▉     | 101/203 [00:20<00:20,  4.97it/s]
sam: epoch 12:  50%|████▉     | 101/203 [00:30<00:20,  4.97it/s]
sam: epoch 12:  75%|███████▍  | 152/203 [00:30<00:10,  4.93it/s]
sam: epoch 12: 100%|█████████▉| 202/203 [00:40<00:00,  4.93it/s]
                                                                
sam: epoch 12, source macro-f1=0.9410

sam: epoch 13:   0%|          | 0/203 [00:00<?, ?it/s]
sam: epoch 13:  24%|██▍       | 49/203 [00:10<00:31,  4.90it/s]
sam: epoch 13:  48%|████▊     | 98/203 [00:20<00:21,  4.89it/s]
sam: epoch 13:  72%|███████▏  | 147/203 [00:30<00:11,  4.89it/s]
sam: epoch 13:  98%|█████████▊| 198/203 [00:40<00:01,  4.93it/s]
                                                                
sam: epoch 13, source macro-f1=0.9481

sam: epoch 14:   0%|          | 0/203 [00:00<?, ?it/s]
sam: epoch 14:  25%|██▍       | 50/203 [00:10<00:31,  4.90it/s]
sam: epoch 14:  25%|██▍       | 50/203 [00:20<00:31,  4.90it/s]
sam: epoch 14:  49%|████▉     | 100/203 [00:20<00:20,  4.95it/s]
sam: epoch 14:  74%|███████▍  | 150/203 [00:30<00:10,  4.93it/s]
sam: epoch 14:  99%|█████████▊| 200/203 [00:40<00:00,  4.91it/s]
                                                                
sam: epoch 14, source macro-f1=0.9484

sam: epoch 15:   0%|          | 0/203 [00:00<?, ?it/s]
sam: epoch 15:  24%|██▍       | 49/203 [00:10<00:31,  4.85it/s]
sam: epoch 15:  49%|████▉     | 99/203 [00:20<00:21,  4.89it/s]
sam: epoch 15:  74%|███████▍  | 150/203 [00:30<00:10,  4.95it/s]
sam: epoch 15:  99%|█████████▉| 201/203 [00:40<00:00,  4.92it/s]
                                                                
sam: epoch 15, source macro-f1=0.9360

sam_rho_0.01: epoch 1:   0%|          | 0/203 [00:00<?, ?it/s]
sam_rho_0.01: epoch 1:  24%|██▎       | 48/203 [00:10<00:32,  4.78it/s]
sam_rho_0.01: epoch 1:  48%|████▊     | 97/203 [00:20<00:21,  4.85it/s]
sam_rho_0.01: epoch 1:  72%|███████▏  | 146/203 [00:30<00:11,  4.87it/s]
sam_rho_0.01: epoch 1:  96%|█████████▌| 195/203 [00:40<00:01,  4.87it/s]
                                                                        
sam_rho_0.01: epoch 1, source macro-f1=0.8978

sam_rho_0.01: epoch 2:   0%|          | 0/203 [00:00<?, ?it/s]
sam_rho_0.01: epoch 2:  24%|██▍       | 49/203 [00:10<00:31,  4.89it/s]
sam_rho_0.01: epoch 2:  49%|████▉     | 99/203 [00:20<00:21,  4.90it/s]
sam_rho_0.01: epoch 2:  73%|███████▎  | 149/203 [00:30<00:10,  4.92it/s]
sam_rho_0.01: epoch 2:  98%|█████████▊| 199/203 [00:40<00:00,  4.93it/s]
                                                                        
sam_rho_0.01: epoch 2, source macro-f1=0.9089

sam_rho_0.01: epoch 3:   0%|          | 0/203 [00:00<?, ?it/s]
sam_rho_0.01: epoch 3:  25%|██▍       | 50/203 [00:10<00:30,  4.98it/s]
sam_rho_0.01: epoch 3:  49%|████▉     | 100/203 [00:20<00:21,  4.90it/s]
sam_rho_0.01: epoch 3:  74%|███████▍  | 150/203 [00:30<00:10,  4.91it/s]
sam_rho_0.01: epoch 3:  99%|█████████▊| 200/203 [00:40<00:00,  4.89it/s]
                                                                        
sam_rho_0.01: epoch 3, source macro-f1=0.9231

sam_rho_0.01: epoch 4:   0%|          | 0/203 [00:00<?, ?it/s]
sam_rho_0.01: epoch 4:  24%|██▍       | 49/203 [00:10<00:31,  4.88it/s]
sam_rho_0.01: epoch 4:  48%|████▊     | 98/203 [00:20<00:21,  4.88it/s]
sam_rho_0.01: epoch 4:  73%|███████▎  | 148/203 [00:30<00:11,  4.93it/s]
sam_rho_0.01: epoch 4:  98%|█████████▊| 198/203 [00:40<00:01,  4.92it/s]
                                                                        
sam_rho_0.01: epoch 4, source macro-f1=0.9390

sam_rho_0.01: epoch 5:   0%|          | 0/203 [00:00<?, ?it/s]
sam_rho_0.01: epoch 5:  24%|██▍       | 49/203 [00:10<00:31,  4.90it/s]
sam_rho_0.01: epoch 5:  48%|████▊     | 98/203 [00:20<00:21,  4.89it/s]
sam_rho_0.01: epoch 5:  72%|███████▏  | 147/203 [00:30<00:11,  4.88it/s]
sam_rho_0.01: epoch 5:  97%|█████████▋| 197/203 [00:40<00:01,  4.91it/s]
                                                                        
sam_rho_0.01: epoch 5, source macro-f1=0.9231

sam_rho_0.01: epoch 6:   0%|          | 0/203 [00:00<?, ?it/s]
sam_rho_0.01: epoch 6:  25%|██▍       | 50/203 [00:10<00:31,  4.90it/s]
sam_rho_0.01: epoch 6:  50%|████▉     | 101/203 [00:20<00:20,  4.96it/s]
sam_rho_0.01: epoch 6:  75%|███████▍  | 152/203 [00:30<00:10,  4.94it/s]
sam_rho_0.01: epoch 6: 100%|█████████▉| 202/203 [00:41<00:00,  4.91it/s]
                                                                        
sam_rho_0.01: epoch 6, source macro-f1=0.9401

sam_rho_0.01: epoch 7:   0%|          | 0/203 [00:00<?, ?it/s]
sam_rho_0.01: epoch 7:  24%|██▍       | 49/203 [00:10<00:31,  4.89it/s]
sam_rho_0.01: epoch 7:  49%|████▉     | 99/203 [00:20<00:21,  4.90it/s]
sam_rho_0.01: epoch 7:  73%|███████▎  | 149/203 [00:30<00:10,  4.92it/s]
sam_rho_0.01: epoch 7:  98%|█████████▊| 199/203 [00:40<00:00,  4.95it/s]
                                                                        
sam_rho_0.01: epoch 7, source macro-f1=0.9417

sam_rho_0.01: epoch 8:   0%|          | 0/203 [00:00<?, ?it/s]
sam_rho_0.01: epoch 8:  25%|██▍       | 50/203 [00:10<00:30,  4.96it/s]
sam_rho_0.01: epoch 8:  49%|████▉     | 100/203 [00:20<00:20,  4.94it/s]
sam_rho_0.01: epoch 8:  74%|███████▍  | 150/203 [00:30<00:10,  4.93it/s]
sam_rho_0.01: epoch 8:  99%|█████████▊| 200/203 [00:40<00:00,  4.92it/s]
                                                                        
sam_rho_0.01: epoch 8, source macro-f1=0.8968

sam_rho_0.01: epoch 9:   0%|          | 0/203 [00:00<?, ?it/s]
sam_rho_0.01: epoch 9:  24%|██▍       | 49/203 [00:10<00:31,  4.84it/s]
sam_rho_0.01: epoch 9:  49%|████▉     | 99/203 [00:20<00:21,  4.88it/s]
sam_rho_0.01: epoch 9:  74%|███████▍  | 150/203 [00:30<00:10,  4.94it/s]
sam_rho_0.01: epoch 9:  99%|█████████▉| 201/203 [00:40<00:00,  4.93it/s]
                                                                        
sam_rho_0.01: epoch 9, source macro-f1=0.9154

sam_rho_0.01: epoch 10:   0%|          | 0/203 [00:00<?, ?it/s]
sam_rho_0.01: epoch 10:  25%|██▍       | 50/203 [00:10<00:31,  4.93it/s]
sam_rho_0.01: epoch 10:  49%|████▉     | 100/203 [00:20<00:20,  4.92it/s]
sam_rho_0.01: epoch 10:  74%|███████▍  | 150/203 [00:30<00:10,  4.92it/s]
sam_rho_0.01: epoch 10:  99%|█████████▊| 200/203 [00:40<00:00,  4.93it/s]
                                                                         
sam_rho_0.01: epoch 10, source macro-f1=0.9188

sam_rho_0.01: epoch 11:   0%|          | 0/203 [00:00<?, ?it/s]
sam_rho_0.01: epoch 11:  25%|██▍       | 50/203 [00:10<00:31,  4.91it/s]
sam_rho_0.01: epoch 11:  49%|████▉     | 100/203 [00:20<00:20,  4.94it/s]
sam_rho_0.01: epoch 11:  74%|███████▍  | 150/203 [00:30<00:10,  4.93it/s]
sam_rho_0.01: epoch 11:  99%|█████████▊| 200/203 [00:40<00:00,  4.91it/s]
                                                                         
sam_rho_0.01: epoch 11, source macro-f1=0.9377

sam_rho_0.01: epoch 12:   0%|          | 0/203 [00:00<?, ?it/s]
sam_rho_0.01: epoch 12:  24%|██▍       | 49/203 [00:10<00:31,  4.87it/s]
sam_rho_0.01: epoch 12:  49%|████▉     | 99/203 [00:20<00:21,  4.90it/s]
sam_rho_0.01: epoch 12:  73%|███████▎  | 149/203 [00:30<00:11,  4.86it/s]
sam_rho_0.01: epoch 12:  98%|█████████▊| 199/203 [00:40<00:00,  4.92it/s]
                                                                         
sam_rho_0.01: epoch 12, source macro-f1=0.9391

sam_rho_0.1: epoch 1:   0%|          | 0/203 [00:00<?, ?it/s]
sam_rho_0.1: epoch 1:  24%|██▎       | 48/203 [00:10<00:32,  4.73it/s]
sam_rho_0.1: epoch 1:  48%|████▊     | 98/203 [00:20<00:21,  4.88it/s]
sam_rho_0.1: epoch 1:  73%|███████▎  | 148/203 [00:30<00:11,  4.91it/s]
sam_rho_0.1: epoch 1:  98%|█████████▊| 198/203 [00:40<00:01,  4.89it/s]
                                                                       
sam_rho_0.1: epoch 1, source macro-f1=0.0587

sam_rho_0.1: epoch 2:   0%|          | 0/203 [00:00<?, ?it/s]
sam_rho_0.1: epoch 2:  24%|██▍       | 49/203 [00:10<00:31,  4.83it/s]
sam_rho_0.1: epoch 2:  49%|████▉     | 99/203 [00:20<00:21,  4.90it/s]
sam_rho_0.1: epoch 2:  73%|███████▎  | 149/203 [00:30<00:10,  4.91it/s]
sam_rho_0.1: epoch 2:  99%|█████████▊| 200/203 [00:40<00:00,  4.96it/s]
                                                                       
sam_rho_0.1: epoch 2, source macro-f1=0.1370

sam_rho_0.1: epoch 3:   0%|          | 0/203 [00:00<?, ?it/s]
sam_rho_0.1: epoch 3:  25%|██▍       | 50/203 [00:10<00:30,  4.99it/s]
sam_rho_0.1: epoch 3:  49%|████▉     | 100/203 [00:20<00:20,  4.93it/s]
sam_rho_0.1: epoch 3:  74%|███████▍  | 150/203 [00:30<00:10,  4.93it/s]
sam_rho_0.1: epoch 3:  99%|█████████▊| 200/203 [00:40<00:00,  4.92it/s]
                                                                       
sam_rho_0.1: epoch 3, source macro-f1=0.1773

sam_rho_0.1: epoch 4:   0%|          | 0/203 [00:00<?, ?it/s]
sam_rho_0.1: epoch 4:  24%|██▍       | 49/203 [00:10<00:31,  4.89it/s]
sam_rho_0.1: epoch 4:  48%|████▊     | 98/203 [00:20<00:21,  4.87it/s]
sam_rho_0.1: epoch 4:  73%|███████▎  | 149/203 [00:30<00:10,  4.94it/s]
sam_rho_0.1: epoch 4:  99%|█████████▊| 200/203 [00:40<00:00,  4.93it/s]
                                                                       
sam_rho_0.1: epoch 4, source macro-f1=0.3126

sam_rho_0.1: epoch 5:   0%|          | 0/203 [00:00<?, ?it/s]
sam_rho_0.1: epoch 5:  25%|██▍       | 50/203 [00:10<00:30,  4.96it/s]
sam_rho_0.1: epoch 5:  49%|████▉     | 100/203 [00:20<00:20,  4.93it/s]
sam_rho_0.1: epoch 5:  74%|███████▍  | 150/203 [00:30<00:10,  4.91it/s]
sam_rho_0.1: epoch 5:  98%|█████████▊| 199/203 [00:40<00:00,  4.89it/s]
                                                                       
sam_rho_0.1: epoch 5, source macro-f1=0.7744

sam_rho_0.1: epoch 6:   0%|          | 0/203 [00:00<?, ?it/s]
sam_rho_0.1: epoch 6:  24%|██▍       | 49/203 [00:10<00:31,  4.88it/s]
sam_rho_0.1: epoch 6:  49%|████▉     | 99/203 [00:20<00:21,  4.93it/s]
sam_rho_0.1: epoch 6:  73%|███████▎  | 149/203 [00:30<00:10,  4.95it/s]
sam_rho_0.1: epoch 6:  98%|█████████▊| 199/203 [00:40<00:00,  4.92it/s]
                                                                       
sam_rho_0.1: epoch 6, source macro-f1=0.8625

sam_rho_0.1: epoch 7:   0%|          | 0/203 [00:00<?, ?it/s]
sam_rho_0.1: epoch 7:  24%|██▍       | 49/203 [00:10<00:31,  4.84it/s]
sam_rho_0.1: epoch 7:  49%|████▉     | 99/203 [00:20<00:21,  4.88it/s]
sam_rho_0.1: epoch 7:  73%|███████▎  | 149/203 [00:30<00:11,  4.88it/s]
sam_rho_0.1: epoch 7:  98%|█████████▊| 199/203 [00:40<00:00,  4.92it/s]
                                                                       
sam_rho_0.1: epoch 7, source macro-f1=0.8849

sam_rho_0.1: epoch 8:   0%|          | 0/203 [00:00<?, ?it/s]
sam_rho_0.1: epoch 8:  24%|██▍       | 49/203 [00:10<00:31,  4.89it/s]
sam_rho_0.1: epoch 8:  49%|████▉     | 99/203 [00:20<00:21,  4.93it/s]
sam_rho_0.1: epoch 8:  73%|███████▎  | 149/203 [00:30<00:10,  4.91it/s]
sam_rho_0.1: epoch 8:  98%|█████████▊| 198/203 [00:40<00:01,  4.91it/s]
                                                                       
sam_rho_0.1: epoch 8, source macro-f1=0.8942

sam_rho_0.1: epoch 9:   0%|          | 0/203 [00:00<?, ?it/s]
sam_rho_0.1: epoch 9:  24%|██▎       | 48/203 [00:10<00:32,  4.79it/s]
sam_rho_0.1: epoch 9:  48%|████▊     | 97/203 [00:20<00:21,  4.86it/s]
sam_rho_0.1: epoch 9:  72%|███████▏  | 147/203 [00:30<00:11,  4.89it/s]
sam_rho_0.1: epoch 9:  97%|█████████▋| 197/203 [00:40<00:01,  4.92it/s]
                                                                       
sam_rho_0.1: epoch 9, source macro-f1=0.9176

sam_rho_0.1: epoch 10:   0%|          | 0/203 [00:00<?, ?it/s]
sam_rho_0.1: epoch 10:  24%|██▍       | 49/203 [00:10<00:31,  4.88it/s]
sam_rho_0.1: epoch 10:  49%|████▉     | 99/203 [00:20<00:21,  4.92it/s]
sam_rho_0.1: epoch 10:  73%|███████▎  | 149/203 [00:30<00:10,  4.91it/s]
sam_rho_0.1: epoch 10:  98%|█████████▊| 199/203 [00:40<00:00,  4.89it/s]
                                                                        
sam_rho_0.1: epoch 10, source macro-f1=0.9216

sam_rho_0.1: epoch 11:   0%|          | 0/203 [00:00<?, ?it/s]
sam_rho_0.1: epoch 11:  24%|██▍       | 49/203 [00:10<00:31,  4.88it/s]
sam_rho_0.1: epoch 11:  48%|████▊     | 98/203 [00:20<00:21,  4.86it/s]
sam_rho_0.1: epoch 11:  73%|███████▎  | 148/203 [00:30<00:11,  4.90it/s]
sam_rho_0.1: epoch 11:  98%|█████████▊| 198/203 [00:40<00:01,  4.91it/s]
                                                                        
sam_rho_0.1: epoch 11, source macro-f1=0.9231

sam_rho_0.1: epoch 12:   0%|          | 0/203 [00:00<?, ?it/s]
sam_rho_0.1: epoch 12:  25%|██▌       | 51/203 [00:10<00:30,  5.02it/s]
sam_rho_0.1: epoch 12:  50%|█████     | 102/203 [00:20<00:20,  4.96it/s]
sam_rho_0.1: epoch 12:  75%|███████▍  | 152/203 [00:30<00:10,  4.92it/s]
sam_rho_0.1: epoch 12: 100%|█████████▉| 202/203 [00:40<00:00,  4.92it/s]
                                                                        
sam_rho_0.1: epoch 12, source macro-f1=0.9241

sam_rho_0.1: epoch 13:   0%|          | 0/203 [00:00<?, ?it/s]
sam_rho_0.1: epoch 13:  24%|██▍       | 49/203 [00:10<00:31,  4.90it/s]
sam_rho_0.1: epoch 13:  49%|████▉     | 99/203 [00:20<00:21,  4.92it/s]
sam_rho_0.1: epoch 13:  73%|███████▎  | 149/203 [00:30<00:10,  4.95it/s]
sam_rho_0.1: epoch 13:  98%|█████████▊| 199/203 [00:40<00:00,  4.94it/s]
                                                                        
sam_rho_0.1: epoch 13, source macro-f1=0.9271

sam_rho_0.1: epoch 14:   0%|          | 0/203 [00:00<?, ?it/s]
sam_rho_0.1: epoch 14:  24%|██▍       | 49/203 [00:10<00:31,  4.90it/s]
sam_rho_0.1: epoch 14:  49%|████▉     | 99/203 [00:20<00:21,  4.93it/s]
sam_rho_0.1: epoch 14:  73%|███████▎  | 149/203 [00:30<00:10,  4.93it/s]
sam_rho_0.1: epoch 14:  98%|█████████▊| 199/203 [00:40<00:00,  4.94it/s]
                                                                        
sam_rho_0.1: epoch 14, source macro-f1=0.9106

sam_rho_0.1: epoch 15:   0%|          | 0/203 [00:00<?, ?it/s]
sam_rho_0.1: epoch 15:  24%|██▍       | 49/203 [00:10<00:31,  4.89it/s]
sam_rho_0.1: epoch 15:  49%|████▉     | 100/203 [00:20<00:20,  4.96it/s]
sam_rho_0.1: epoch 15:  74%|███████▍  | 151/203 [00:30<00:10,  4.93it/s]
sam_rho_0.1: epoch 15:  99%|█████████▉| 201/203 [00:40<00:00,  4.92it/s]
                                                                        
sam_rho_0.1: epoch 15, source macro-f1=0.9344

sam_rho_0.1: epoch 16:   0%|          | 0/203 [00:00<?, ?it/s]
sam_rho_0.1: epoch 16:  25%|██▍       | 50/203 [00:10<00:31,  4.91it/s]
sam_rho_0.1: epoch 16:  49%|████▉     | 100/203 [00:20<00:20,  4.93it/s]
sam_rho_0.1: epoch 16:  74%|███████▍  | 150/203 [00:30<00:10,  4.93it/s]
sam_rho_0.1: epoch 16:  99%|█████████▉| 201/203 [00:40<00:00,  4.98it/s]
                                                                        
sam_rho_0.1: epoch 16, source macro-f1=0.9277

sam_rho_0.1: epoch 17:   0%|          | 0/203 [00:00<?, ?it/s]
sam_rho_0.1: epoch 17:  25%|██▍       | 50/203 [00:10<00:30,  4.96it/s]
sam_rho_0.1: epoch 17:  49%|████▉     | 100/203 [00:20<00:20,  4.95it/s]
sam_rho_0.1: epoch 17:  74%|███████▍  | 150/203 [00:30<00:10,  4.94it/s]
sam_rho_0.1: epoch 17:  74%|███████▍  | 150/203 [00:40<00:10,  4.94it/s]
sam_rho_0.1: epoch 17:  99%|█████████▊| 200/203 [00:40<00:00,  4.91it/s]
                                                                        
sam_rho_0.1: epoch 17, source macro-f1=0.9338

sam_rho_0.1: epoch 18:   0%|          | 0/203 [00:00<?, ?it/s]
sam_rho_0.1: epoch 18:  24%|██▍       | 49/203 [00:10<00:31,  4.88it/s]
sam_rho_0.1: epoch 18:  48%|████▊     | 98/203 [00:20<00:21,  4.89it/s]
sam_rho_0.1: epoch 18:  73%|███████▎  | 149/203 [00:30<00:10,  4.96it/s]
sam_rho_0.1: epoch 18:  99%|█████████▊| 200/203 [00:40<00:00,  4.95it/s]
                                                                        
sam_rho_0.1: epoch 18, source macro-f1=0.9337

sam_rho_0.1: epoch 19:   0%|          | 0/203 [00:00<?, ?it/s]
sam_rho_0.1: epoch 19:  25%|██▍       | 50/203 [00:10<00:30,  4.97it/s]
sam_rho_0.1: epoch 19:  49%|████▉     | 100/203 [00:20<00:20,  4.94it/s]
sam_rho_0.1: epoch 19:  74%|███████▍  | 150/203 [00:30<00:10,  4.92it/s]
sam_rho_0.1: epoch 19:  74%|███████▍  | 150/203 [00:40<00:10,  4.92it/s]
sam_rho_0.1: epoch 19:  99%|█████████▊| 200/203 [00:40<00:00,  4.90it/s]
                                                                        
sam_rho_0.1: epoch 19, source macro-f1=0.9296

sam_rho_0.1: epoch 20:   0%|          | 0/203 [00:00<?, ?it/s]
sam_rho_0.1: epoch 20:  25%|██▍       | 50/203 [00:10<00:31,  4.92it/s]
sam_rho_0.1: epoch 20:  50%|████▉     | 101/203 [00:20<00:20,  4.99it/s]
sam_rho_0.1: epoch 20:  75%|███████▍  | 152/203 [00:30<00:10,  4.94it/s]
sam_rho_0.1: epoch 20: 100%|█████████▉| 202/203 [00:40<00:00,  4.94it/s]
                                                                        
sam_rho_0.1: epoch 20, source macro-f1=0.9441

sam_rho_0.1: epoch 21:   0%|          | 0/203 [00:00<?, ?it/s]
sam_rho_0.1: epoch 21:  25%|██▍       | 50/203 [00:10<00:31,  4.91it/s]
sam_rho_0.1: epoch 21:  49%|████▉     | 100/203 [00:20<00:20,  4.93it/s]
sam_rho_0.1: epoch 21:  74%|███████▍  | 150/203 [00:30<00:10,  4.91it/s]
sam_rho_0.1: epoch 21:  99%|█████████▊| 200/203 [00:40<00:00,  4.94it/s]
                                                                        
sam_rho_0.1: epoch 21, source macro-f1=0.9384

sam_rho_0.1: epoch 22:   0%|          | 0/203 [00:00<?, ?it/s]
sam_rho_0.1: epoch 22:  25%|██▍       | 50/203 [00:10<00:30,  4.97it/s]
sam_rho_0.1: epoch 22:  49%|████▉     | 100/203 [00:20<00:20,  4.95it/s]
sam_rho_0.1: epoch 22:  74%|███████▍  | 150/203 [00:30<00:10,  4.94it/s]
sam_rho_0.1: epoch 22:  99%|█████████▊| 200/203 [00:40<00:00,  4.93it/s]
                                                                        
sam_rho_0.1: epoch 22, source macro-f1=0.9284

sam_rho_0.1: epoch 23:   0%|          | 0/203 [00:00<?, ?it/s]
sam_rho_0.1: epoch 23:  24%|██▍       | 49/203 [00:10<00:31,  4.86it/s]
sam_rho_0.1: epoch 23:  48%|████▊     | 98/203 [00:20<00:21,  4.87it/s]
sam_rho_0.1: epoch 23:  73%|███████▎  | 148/203 [00:30<00:11,  4.93it/s]
sam_rho_0.1: epoch 23:  98%|█████████▊| 198/203 [00:40<00:01,  4.94it/s]
                                                                        
sam_rho_0.1: epoch 23, source macro-f1=0.9332

sam_rho_0.1: epoch 24:   0%|          | 0/203 [00:00<?, ?it/s]
sam_rho_0.1: epoch 24:  25%|██▍       | 50/203 [00:10<00:30,  4.99it/s]
sam_rho_0.1: epoch 24:  49%|████▉     | 100/203 [00:20<00:20,  4.96it/s]
sam_rho_0.1: epoch 24:  74%|███████▍  | 150/203 [00:30<00:10,  4.95it/s]
sam_rho_0.1: epoch 24:  99%|█████████▊| 200/203 [00:40<00:00,  4.93it/s]
                                                                        
sam_rho_0.1: epoch 24, source macro-f1=0.9266

sam_rho_0.1: epoch 25:   0%|          | 0/203 [00:00<?, ?it/s]
sam_rho_0.1: epoch 25:  24%|██▍       | 49/203 [00:10<00:31,  4.86it/s]
sam_rho_0.1: epoch 25:  49%|████▉     | 99/203 [00:20<00:21,  4.90it/s]
sam_rho_0.1: epoch 25:  73%|███████▎  | 149/203 [00:30<00:10,  4.93it/s]
sam_rho_0.1: epoch 25:  98%|█████████▊| 199/203 [00:40<00:00,  4.92it/s]
                                                                        
sam_rho_0.1: epoch 25, source macro-f1=0.9367
erm: source probe=0.8671, sharpness=0.4044
dan_dg: source probe=0.6013, sharpness=0.0246
sam: source probe=0.8372, sharpness=0.1473
sam_rho_0.01: source probe=0.8738, sharpness=0.2123
sam_rho_0.1: source probe=0.7940, sharpness=0.0730
erm: final Sketch accuracy=0.6592
dan_dg: final Sketch accuracy=0.0407
sam: final Sketch accuracy=0.6172
sam_rho_0.01: final Sketch accuracy=0.5963
sam_rho_0.1: final Sketch accuracy=0.5510
finished: /content/task3_results/final/main_comparison.csv
